AR adder3bit_segment behavioral "C:/Users/Lauszus/Dropbox/Basys 2/Projekter/FullAdder3-bit_Test/adder3bit_segment.vhd" sub00/vhpl07 1351256428
AR adder3 funktion "C:/Users/Lauszus/Dropbox/Basys 2/Projekter/FullAdder3-bit_Test/3_bit_adder.vhd" sub00/vhpl03 1351256424
EN adder3bit_segment NULL "C:/Users/Lauszus/Dropbox/Basys 2/Projekter/FullAdder3-bit_Test/adder3bit_segment.vhd" sub00/vhpl06 1351256427
EN segment NULL "C:/Users/Lauszus/Dropbox/Basys 2/Projekter/FullAdder3-bit_Test/segment.vhd" sub00/vhpl04 1351256425
AR segment behavioral "C:/Users/Lauszus/Dropbox/Basys 2/Projekter/FullAdder3-bit_Test/segment.vhd" sub00/vhpl05 1351256426
EN adder3 NULL "C:/Users/Lauszus/Dropbox/Basys 2/Projekter/FullAdder3-bit_Test/3_bit_adder.vhd" sub00/vhpl02 1351256423
AR full_adder funktion "C:/Users/Lauszus/Dropbox/Basys 2/Projekter/FullAdder3-bit_Test/full_adder.vhd" sub00/vhpl01 1351256422
EN full_adder NULL "C:/Users/Lauszus/Dropbox/Basys 2/Projekter/FullAdder3-bit_Test/full_adder.vhd" sub00/vhpl00 1351256421
