V3 15
FL "C:/Users/Lauszus/Dropbox/Basys 2/Projekter/FullAdder3-bit_Test/3_bit_adder.vhd" 2012/10/14.17:02:34 P.40xd
EN work/adder3 1351256423 \
      FL "C:/Users/Lauszus/Dropbox/Basys 2/Projekter/FullAdder3-bit_Test/3_bit_adder.vhd" \
      PB ieee/std_logic_1164 1350103243
AR work/adder3/funktion 1351256424 \
      FL "C:/Users/Lauszus/Dropbox/Basys 2/Projekter/FullAdder3-bit_Test/3_bit_adder.vhd" \
      EN work/adder3 1351256423 CP full_adder
FL "C:/Users/Lauszus/Dropbox/Basys 2/Projekter/FullAdder3-bit_Test/adder3bit_segment.vhd" 2012/10/14.17:25:34 P.40xd
EN work/adder3bit_segment 1351256427 \
      FL "C:/Users/Lauszus/Dropbox/Basys 2/Projekter/FullAdder3-bit_Test/adder3bit_segment.vhd" \
      PB ieee/std_logic_1164 1350103243
AR work/adder3bit_segment/Behavioral 1351256428 \
      FL "C:/Users/Lauszus/Dropbox/Basys 2/Projekter/FullAdder3-bit_Test/adder3bit_segment.vhd" \
      EN work/adder3bit_segment 1351256427 CP adder3 CP segment
FL "C:/Users/Lauszus/Dropbox/Basys 2/Projekter/FullAdder3-bit_Test/full_adder.vhd" 2012/10/14.16:07:58 P.40xd
EN work/full_adder 1351256421 \
      FL "C:/Users/Lauszus/Dropbox/Basys 2/Projekter/FullAdder3-bit_Test/full_adder.vhd" \
      PB ieee/std_logic_1164 1350103243
AR work/full_adder/funktion 1351256422 \
      FL "C:/Users/Lauszus/Dropbox/Basys 2/Projekter/FullAdder3-bit_Test/full_adder.vhd" \
      EN work/full_adder 1351256421
FL "C:/Users/Lauszus/Dropbox/Basys 2/Projekter/FullAdder3-bit_Test/segment.vhd" 2012/10/26.15:00:16 P.40xd
EN work/segment 1351256425 \
      FL "C:/Users/Lauszus/Dropbox/Basys 2/Projekter/FullAdder3-bit_Test/segment.vhd" \
      PB ieee/std_logic_1164 1350103243 PB ieee/std_logic_arith 1350103244 \
      PB ieee/STD_LOGIC_UNSIGNED 1350103247
AR work/segment/Behavioral 1351256426 \
      FL "C:/Users/Lauszus/Dropbox/Basys 2/Projekter/FullAdder3-bit_Test/segment.vhd" \
      EN work/segment 1351256425
