--------------------------------------------------------------------------------
Release 14.3 Trace  (nt64)
Copyright (c) 1995-2012 Xilinx, Inc.  All rights reserved.

C:\Xilinx\14.3\ISE_DS\ISE\bin\nt64\unwrapped\trce.exe -intstyle ise -v 3 -s 5
-n 3 -fastpaths -xml vending_machine.twx vending_machine.ncd -o
vending_machine.twr vending_machine.pcf

Design file:              vending_machine.ncd
Physical constraint file: vending_machine.pcf
Device,package,speed:     xc3s100e,cp132,-5 (PRODUCTION 1.27 2012-10-12)
Report level:             verbose report

Environment Variable      Effect 
--------------------      ------ 
NONE                      No environment variables were set
--------------------------------------------------------------------------------

INFO:Timing:2698 - No timing constraints found, doing default enumeration.
INFO:Timing:3412 - To improve timing, see the Timing Closure User Guide (UG612).
INFO:Timing:2752 - To get complete path coverage, use the unconstrained paths 
   option. All paths that are not constrained will be reported in the 
   unconstrained paths section(s) of the report.
INFO:Timing:3339 - The clock-to-out numbers in this timing report are based on 
   a 50 Ohm transmission line loading model.  For the details of this model, 
   and for more information on accounting for different loading conditions, 
   please see the device datasheet.
INFO:Timing:3390 - This architecture does not support a default System Jitter 
   value, please add SYSTEM_JITTER constraint to the UCF to modify the Clock 
   Uncertainty calculation.
INFO:Timing:3389 - This architecture does not support 'Discrete Jitter' and 
   'Phase Error' calculations, these terms will be zero in the Clock 
   Uncertainty calculation.  Please make appropriate modification to 
   SYSTEM_JITTER to account for the unsupported Discrete Jitter and Phase 
   Error.



Data Sheet report:
-----------------
All values displayed in nanoseconds (ns)

Setup/Hold to clock clk_man
------------+------------+------------+------------------+--------+
            |Max Setup to|Max Hold to |                  | Clock  |
Source      | clk (edge) | clk (edge) |Internal Clock(s) | Phase  |
------------+------------+------------+------------------+--------+
buy         |   -1.807(R)|    3.560(R)|clk               |   0.000|
coin2       |   -1.772(R)|    3.532(R)|clk               |   0.000|
coin5       |   -1.781(R)|    3.539(R)|clk               |   0.000|
price<0>    |   -0.143(R)|    2.968(R)|clk               |   0.000|
price<1>    |   -0.478(R)|    2.496(R)|clk               |   0.000|
price<2>    |   -1.326(R)|    3.174(R)|clk               |   0.000|
price<3>    |   -1.331(R)|    3.177(R)|clk               |   0.000|
price<4>    |   -2.135(R)|    3.818(R)|clk               |   0.000|
price<5>    |   -2.425(R)|    4.050(R)|clk               |   0.000|
reset       |   -1.672(R)|    3.452(R)|clk               |   0.000|
------------+------------+------------+------------------+--------+

Setup/Hold to clock sel_man
------------+------------+------------+------------------+--------+
            |Max Setup to|Max Hold to |                  | Clock  |
Source      | clk (edge) | clk (edge) |Internal Clock(s) | Phase  |
------------+------------+------------+------------------+--------+
buy         |   -2.041(R)|    3.853(R)|clk               |   0.000|
coin2       |   -2.006(R)|    3.825(R)|clk               |   0.000|
coin5       |   -2.015(R)|    3.832(R)|clk               |   0.000|
price<0>    |   -0.377(R)|    3.261(R)|clk               |   0.000|
price<1>    |   -0.712(R)|    2.789(R)|clk               |   0.000|
price<2>    |   -1.560(R)|    3.467(R)|clk               |   0.000|
price<3>    |   -1.565(R)|    3.470(R)|clk               |   0.000|
price<4>    |   -2.369(R)|    4.111(R)|clk               |   0.000|
price<5>    |   -2.659(R)|    4.343(R)|clk               |   0.000|
reset       |   -1.906(R)|    3.745(R)|clk               |   0.000|
------------+------------+------------+------------------+--------+

Clock clk_50 to Pad
------------+------------+------------------+--------+
            | clk (edge) |                  | Clock  |
Destination |   to PAD   |Internal Clock(s) | Phase  |
------------+------------+------------------+--------+
tx          |   11.560(R)|clk_50_BUFGP      |   0.000|
------------+------------+------------------+--------+

Clock clk_man to Pad
----------------+------------+------------------+--------+
                | clk (edge) |                  | Clock  |
Destination     |   to PAD   |Internal Clock(s) | Phase  |
----------------+------------+------------------+--------+
alarm           |   13.080(R)|clk               |   0.000|
digit_select<0> |   12.894(R)|clk               |   0.000|
digit_select<1> |   13.085(R)|clk               |   0.000|
digit_select<2> |   12.779(R)|clk               |   0.000|
digit_select<3> |   12.581(R)|clk               |   0.000|
release_can     |   12.258(R)|clk               |   0.000|
seven_segment<0>|   18.748(R)|clk               |   0.000|
seven_segment<1>|   18.752(R)|clk               |   0.000|
seven_segment<2>|   18.954(R)|clk               |   0.000|
seven_segment<3>|   18.990(R)|clk               |   0.000|
seven_segment<4>|   19.224(R)|clk               |   0.000|
seven_segment<5>|   18.835(R)|clk               |   0.000|
seven_segment<6>|   19.529(R)|clk               |   0.000|
tx              |   17.862(R)|clk               |   0.000|
----------------+------------+------------------+--------+

Clock sel_man to Pad
----------------+------------+------------------+--------+
                | clk (edge) |                  | Clock  |
Destination     |   to PAD   |Internal Clock(s) | Phase  |
----------------+------------+------------------+--------+
alarm           |   13.373(R)|clk               |   0.000|
digit_select<0> |   13.187(R)|clk               |   0.000|
digit_select<1> |   13.378(R)|clk               |   0.000|
digit_select<2> |   13.072(R)|clk               |   0.000|
digit_select<3> |   12.874(R)|clk               |   0.000|
release_can     |   12.551(R)|clk               |   0.000|
seven_segment<0>|   19.041(R)|clk               |   0.000|
seven_segment<1>|   19.045(R)|clk               |   0.000|
seven_segment<2>|   19.247(R)|clk               |   0.000|
seven_segment<3>|   19.283(R)|clk               |   0.000|
seven_segment<4>|   19.517(R)|clk               |   0.000|
seven_segment<5>|   19.128(R)|clk               |   0.000|
seven_segment<6>|   19.822(R)|clk               |   0.000|
tx              |   18.155(R)|clk               |   0.000|
----------------+------------+------------------+--------+

Clock to Setup on destination clock clk_50
---------------+---------+---------+---------+---------+
               | Src:Rise| Src:Fall| Src:Rise| Src:Fall|
Source Clock   |Dest:Rise|Dest:Rise|Dest:Fall|Dest:Fall|
---------------+---------+---------+---------+---------+
clk_50         |    4.051|         |         |         |
clk_man        |    7.623|         |         |         |
sel_man        |    7.623|         |         |         |
---------------+---------+---------+---------+---------+

Clock to Setup on destination clock clk_man
---------------+---------+---------+---------+---------+
               | Src:Rise| Src:Fall| Src:Rise| Src:Fall|
Source Clock   |Dest:Rise|Dest:Rise|Dest:Fall|Dest:Fall|
---------------+---------+---------+---------+---------+
clk_man        |    5.985|         |         |         |
sel_man        |    5.985|         |         |         |
---------------+---------+---------+---------+---------+

Clock to Setup on destination clock sel_man
---------------+---------+---------+---------+---------+
               | Src:Rise| Src:Fall| Src:Rise| Src:Fall|
Source Clock   |Dest:Rise|Dest:Rise|Dest:Fall|Dest:Fall|
---------------+---------+---------+---------+---------+
clk_man        |    5.985|         |         |         |
sel_man        |    5.985|         |         |         |
---------------+---------+---------+---------+---------+


Analysis completed Thu May 02 22:33:06 2013 
--------------------------------------------------------------------------------

Trace Settings:
-------------------------
Trace Settings 

Peak Memory Usage: 152 MB



