--------------------------------------------------------------------------------
Release 14.3 Trace  (nt64)
Copyright (c) 1995-2012 Xilinx, Inc.  All rights reserved.

C:\Xilinx\14.3\ISE_DS\ISE\bin\nt64\unwrapped\trce.exe -intstyle ise -v 3 -s 5
-n 3 -fastpaths -xml vending_machine.twx vending_machine.ncd -o
vending_machine.twr vending_machine.pcf

Design file:              vending_machine.ncd
Physical constraint file: vending_machine.pcf
Device,package,speed:     xc3s100e,cp132,-5 (PRODUCTION 1.27 2012-10-12)
Report level:             verbose report

Environment Variable      Effect 
--------------------      ------ 
NONE                      No environment variables were set
--------------------------------------------------------------------------------

INFO:Timing:2698 - No timing constraints found, doing default enumeration.
INFO:Timing:3412 - To improve timing, see the Timing Closure User Guide (UG612).
INFO:Timing:2752 - To get complete path coverage, use the unconstrained paths 
   option. All paths that are not constrained will be reported in the 
   unconstrained paths section(s) of the report.
INFO:Timing:3339 - The clock-to-out numbers in this timing report are based on 
   a 50 Ohm transmission line loading model.  For the details of this model, 
   and for more information on accounting for different loading conditions, 
   please see the device datasheet.
INFO:Timing:3390 - This architecture does not support a default System Jitter 
   value, please add SYSTEM_JITTER constraint to the UCF to modify the Clock 
   Uncertainty calculation.
INFO:Timing:3389 - This architecture does not support 'Discrete Jitter' and 
   'Phase Error' calculations, these terms will be zero in the Clock 
   Uncertainty calculation.  Please make appropriate modification to 
   SYSTEM_JITTER to account for the unsupported Discrete Jitter and Phase 
   Error.



Data Sheet report:
-----------------
All values displayed in nanoseconds (ns)

Setup/Hold to clock clk_man
------------+------------+------------+------------------+--------+
            |Max Setup to|Max Hold to |                  | Clock  |
Source      | clk (edge) | clk (edge) |Internal Clock(s) | Phase  |
------------+------------+------------+------------------+--------+
buy         |   -1.516(R)|    3.189(R)|clk               |   0.000|
coin2       |   -0.935(R)|    2.723(R)|clk               |   0.000|
coin5       |   -0.951(R)|    2.737(R)|clk               |   0.000|
price<0>    |    0.262(R)|    2.109(R)|clk               |   0.000|
price<1>    |   -1.238(R)|    2.961(R)|clk               |   0.000|
price<2>    |   -1.576(R)|    3.231(R)|clk               |   0.000|
price<3>    |   -1.455(R)|    3.133(R)|clk               |   0.000|
price<4>    |   -2.016(R)|    3.584(R)|clk               |   0.000|
price<5>    |   -2.004(R)|    3.574(R)|clk               |   0.000|
reset       |   -1.621(R)|    3.272(R)|clk               |   0.000|
------------+------------+------------+------------------+--------+

Setup/Hold to clock sel_man
------------+------------+------------+------------------+--------+
            |Max Setup to|Max Hold to |                  | Clock  |
Source      | clk (edge) | clk (edge) |Internal Clock(s) | Phase  |
------------+------------+------------+------------------+--------+
buy         |   -2.399(R)|    4.293(R)|clk               |   0.000|
coin2       |   -1.818(R)|    3.827(R)|clk               |   0.000|
coin5       |   -1.834(R)|    3.841(R)|clk               |   0.000|
price<0>    |   -0.621(R)|    3.213(R)|clk               |   0.000|
price<1>    |   -2.121(R)|    4.065(R)|clk               |   0.000|
price<2>    |   -2.459(R)|    4.335(R)|clk               |   0.000|
price<3>    |   -2.338(R)|    4.237(R)|clk               |   0.000|
price<4>    |   -2.899(R)|    4.688(R)|clk               |   0.000|
price<5>    |   -2.887(R)|    4.678(R)|clk               |   0.000|
reset       |   -2.504(R)|    4.376(R)|clk               |   0.000|
------------+------------+------------+------------------+--------+

Clock clk_50 to Pad
------------+------------+------------------+--------+
            | clk (edge) |                  | Clock  |
Destination |   to PAD   |Internal Clock(s) | Phase  |
------------+------------+------------------+--------+
tx          |   12.040(R)|clk_50_BUFGP      |   0.000|
------------+------------+------------------+--------+

Clock clk_man to Pad
----------------+------------+------------------+--------+
                | clk (edge) |                  | Clock  |
Destination     |   to PAD   |Internal Clock(s) | Phase  |
----------------+------------+------------------+--------+
alarm           |   12.918(R)|clk               |   0.000|
digit_select<0> |   12.490(R)|clk               |   0.000|
digit_select<1> |   11.779(R)|clk               |   0.000|
digit_select<2> |   11.996(R)|clk               |   0.000|
digit_select<3> |   11.804(R)|clk               |   0.000|
release_can     |   13.031(R)|clk               |   0.000|
seven_segment<0>|   16.971(R)|clk               |   0.000|
seven_segment<1>|   18.297(R)|clk               |   0.000|
seven_segment<2>|   17.122(R)|clk               |   0.000|
seven_segment<3>|   16.768(R)|clk               |   0.000|
seven_segment<4>|   17.495(R)|clk               |   0.000|
seven_segment<5>|   16.682(R)|clk               |   0.000|
seven_segment<6>|   16.959(R)|clk               |   0.000|
tx              |   14.351(R)|clk               |   0.000|
----------------+------------+------------------+--------+

Clock sel_man to Pad
----------------+------------+------------------+--------+
                | clk (edge) |                  | Clock  |
Destination     |   to PAD   |Internal Clock(s) | Phase  |
----------------+------------+------------------+--------+
alarm           |   14.022(R)|clk               |   0.000|
digit_select<0> |   13.594(R)|clk               |   0.000|
digit_select<1> |   12.883(R)|clk               |   0.000|
digit_select<2> |   13.100(R)|clk               |   0.000|
digit_select<3> |   12.908(R)|clk               |   0.000|
release_can     |   14.135(R)|clk               |   0.000|
seven_segment<0>|   18.075(R)|clk               |   0.000|
seven_segment<1>|   19.401(R)|clk               |   0.000|
seven_segment<2>|   18.226(R)|clk               |   0.000|
seven_segment<3>|   17.872(R)|clk               |   0.000|
seven_segment<4>|   18.599(R)|clk               |   0.000|
seven_segment<5>|   17.786(R)|clk               |   0.000|
seven_segment<6>|   18.063(R)|clk               |   0.000|
tx              |   15.455(R)|clk               |   0.000|
----------------+------------+------------------+--------+

Clock to Setup on destination clock clk_50
---------------+---------+---------+---------+---------+
               | Src:Rise| Src:Fall| Src:Rise| Src:Fall|
Source Clock   |Dest:Rise|Dest:Rise|Dest:Fall|Dest:Fall|
---------------+---------+---------+---------+---------+
clk_50         |    4.287|         |         |         |
clk_man        |    6.329|         |         |         |
sel_man        |    6.329|         |         |         |
---------------+---------+---------+---------+---------+

Clock to Setup on destination clock clk_man
---------------+---------+---------+---------+---------+
               | Src:Rise| Src:Fall| Src:Rise| Src:Fall|
Source Clock   |Dest:Rise|Dest:Rise|Dest:Fall|Dest:Fall|
---------------+---------+---------+---------+---------+
clk_man        |    5.816|         |         |         |
sel_man        |    5.816|         |         |         |
---------------+---------+---------+---------+---------+

Clock to Setup on destination clock sel_man
---------------+---------+---------+---------+---------+
               | Src:Rise| Src:Fall| Src:Rise| Src:Fall|
Source Clock   |Dest:Rise|Dest:Rise|Dest:Fall|Dest:Fall|
---------------+---------+---------+---------+---------+
clk_man        |    5.816|         |         |         |
sel_man        |    5.816|         |         |         |
---------------+---------+---------+---------+---------+


Analysis completed Tue May 21 01:01:04 2013 
--------------------------------------------------------------------------------

Trace Settings:
-------------------------
Trace Settings 

Peak Memory Usage: 151 MB



