--------------------------------------------------------------------------------
Release 14.3 Trace  (nt64)
Copyright (c) 1995-2012 Xilinx, Inc.  All rights reserved.

C:\Xilinx\14.3\ISE_DS\ISE\bin\nt64\unwrapped\trce.exe -intstyle ise -v 3 -s 5
-n 3 -fastpaths -xml vending_machine.twx vending_machine.ncd -o
vending_machine.twr vending_machine.pcf

Design file:              vending_machine.ncd
Physical constraint file: vending_machine.pcf
Device,package,speed:     xc3s100e,cp132,-5 (PRODUCTION 1.27 2012-10-12)
Report level:             verbose report

Environment Variable      Effect 
--------------------      ------ 
NONE                      No environment variables were set
--------------------------------------------------------------------------------

INFO:Timing:2698 - No timing constraints found, doing default enumeration.
INFO:Timing:3412 - To improve timing, see the Timing Closure User Guide (UG612).
INFO:Timing:2752 - To get complete path coverage, use the unconstrained paths 
   option. All paths that are not constrained will be reported in the 
   unconstrained paths section(s) of the report.
INFO:Timing:3339 - The clock-to-out numbers in this timing report are based on 
   a 50 Ohm transmission line loading model.  For the details of this model, 
   and for more information on accounting for different loading conditions, 
   please see the device datasheet.
INFO:Timing:3390 - This architecture does not support a default System Jitter 
   value, please add SYSTEM_JITTER constraint to the UCF to modify the Clock 
   Uncertainty calculation.
INFO:Timing:3389 - This architecture does not support 'Discrete Jitter' and 
   'Phase Error' calculations, these terms will be zero in the Clock 
   Uncertainty calculation.  Please make appropriate modification to 
   SYSTEM_JITTER to account for the unsupported Discrete Jitter and Phase 
   Error.



Data Sheet report:
-----------------
All values displayed in nanoseconds (ns)

Setup/Hold to clock clk_man
------------+------------+------------+------------------+--------+
            |Max Setup to|Max Hold to |                  | Clock  |
Source      | clk (edge) | clk (edge) |Internal Clock(s) | Phase  |
------------+------------+------------+------------------+--------+
buy         |   -1.361(R)|    3.003(R)|clk               |   0.000|
coin2       |   -1.090(R)|    2.786(R)|clk               |   0.000|
coin5       |   -1.208(R)|    2.880(R)|clk               |   0.000|
price<0>    |    0.209(R)|    1.884(R)|clk               |   0.000|
price<1>    |   -1.605(R)|    3.193(R)|clk               |   0.000|
price<2>    |   -1.636(R)|    3.218(R)|clk               |   0.000|
price<3>    |   -1.133(R)|    2.816(R)|clk               |   0.000|
price<4>    |   -2.124(R)|    3.609(R)|clk               |   0.000|
price<5>    |   -1.471(R)|    3.086(R)|clk               |   0.000|
reset       |   -2.142(R)|    3.622(R)|clk               |   0.000|
------------+------------+------------+------------------+--------+

Setup/Hold to clock sel_man
------------+------------+------------+------------------+--------+
            |Max Setup to|Max Hold to |                  | Clock  |
Source      | clk (edge) | clk (edge) |Internal Clock(s) | Phase  |
------------+------------+------------+------------------+--------+
buy         |   -1.951(R)|    3.740(R)|clk               |   0.000|
coin2       |   -1.680(R)|    3.523(R)|clk               |   0.000|
coin5       |   -1.798(R)|    3.617(R)|clk               |   0.000|
price<0>    |   -0.381(R)|    2.621(R)|clk               |   0.000|
price<1>    |   -2.195(R)|    3.930(R)|clk               |   0.000|
price<2>    |   -2.226(R)|    3.955(R)|clk               |   0.000|
price<3>    |   -1.723(R)|    3.553(R)|clk               |   0.000|
price<4>    |   -2.714(R)|    4.346(R)|clk               |   0.000|
price<5>    |   -2.061(R)|    3.823(R)|clk               |   0.000|
reset       |   -2.732(R)|    4.359(R)|clk               |   0.000|
------------+------------+------------+------------------+--------+

Clock clk_50 to Pad
------------+------------+------------------+--------+
            | clk (edge) |                  | Clock  |
Destination |   to PAD   |Internal Clock(s) | Phase  |
------------+------------+------------------+--------+
tx          |   11.770(R)|clk_50_BUFGP      |   0.000|
------------+------------+------------------+--------+

Clock clk_man to Pad
----------------+------------+------------------+--------+
                | clk (edge) |                  | Clock  |
Destination     |   to PAD   |Internal Clock(s) | Phase  |
----------------+------------+------------------+--------+
alarm           |   12.127(R)|clk               |   0.000|
digit_select<0> |   11.991(R)|clk               |   0.000|
digit_select<1> |   11.278(R)|clk               |   0.000|
digit_select<2> |   11.813(R)|clk               |   0.000|
digit_select<3> |   11.597(R)|clk               |   0.000|
release_can     |   11.882(R)|clk               |   0.000|
seven_segment<0>|   17.256(R)|clk               |   0.000|
seven_segment<1>|   17.846(R)|clk               |   0.000|
seven_segment<2>|   17.485(R)|clk               |   0.000|
seven_segment<3>|   17.424(R)|clk               |   0.000|
seven_segment<4>|   18.067(R)|clk               |   0.000|
seven_segment<5>|   17.908(R)|clk               |   0.000|
seven_segment<6>|   17.848(R)|clk               |   0.000|
tx              |   16.207(R)|clk               |   0.000|
----------------+------------+------------------+--------+

Clock sel_man to Pad
----------------+------------+------------------+--------+
                | clk (edge) |                  | Clock  |
Destination     |   to PAD   |Internal Clock(s) | Phase  |
----------------+------------+------------------+--------+
alarm           |   12.864(R)|clk               |   0.000|
digit_select<0> |   12.728(R)|clk               |   0.000|
digit_select<1> |   12.015(R)|clk               |   0.000|
digit_select<2> |   12.550(R)|clk               |   0.000|
digit_select<3> |   12.334(R)|clk               |   0.000|
release_can     |   12.619(R)|clk               |   0.000|
seven_segment<0>|   17.993(R)|clk               |   0.000|
seven_segment<1>|   18.583(R)|clk               |   0.000|
seven_segment<2>|   18.222(R)|clk               |   0.000|
seven_segment<3>|   18.161(R)|clk               |   0.000|
seven_segment<4>|   18.804(R)|clk               |   0.000|
seven_segment<5>|   18.645(R)|clk               |   0.000|
seven_segment<6>|   18.585(R)|clk               |   0.000|
tx              |   16.944(R)|clk               |   0.000|
----------------+------------+------------------+--------+

Clock to Setup on destination clock clk_50
---------------+---------+---------+---------+---------+
               | Src:Rise| Src:Fall| Src:Rise| Src:Fall|
Source Clock   |Dest:Rise|Dest:Rise|Dest:Fall|Dest:Fall|
---------------+---------+---------+---------+---------+
clk_50         |    4.289|         |         |         |
clk_man        |    7.535|         |         |         |
sel_man        |    7.535|         |         |         |
---------------+---------+---------+---------+---------+

Clock to Setup on destination clock clk_man
---------------+---------+---------+---------+---------+
               | Src:Rise| Src:Fall| Src:Rise| Src:Fall|
Source Clock   |Dest:Rise|Dest:Rise|Dest:Fall|Dest:Fall|
---------------+---------+---------+---------+---------+
clk_man        |    6.036|         |         |         |
sel_man        |    6.036|         |         |         |
---------------+---------+---------+---------+---------+

Clock to Setup on destination clock sel_man
---------------+---------+---------+---------+---------+
               | Src:Rise| Src:Fall| Src:Rise| Src:Fall|
Source Clock   |Dest:Rise|Dest:Rise|Dest:Fall|Dest:Fall|
---------------+---------+---------+---------+---------+
clk_man        |    6.036|         |         |         |
sel_man        |    6.036|         |         |         |
---------------+---------+---------+---------+---------+


Analysis completed Thu May 02 22:55:41 2013 
--------------------------------------------------------------------------------

Trace Settings:
-------------------------
Trace Settings 

Peak Memory Usage: 152 MB



