EN display NULL C:/02139/lab/src/display7seg_decoder.vhd sub00/vhpl05 1363275014
AR input_sync behavioral "C:/Users/Lauszus/Documents/GitHub/Basys2/Vending Machine/xilinx/vending_machine/input_sync.vhd" sub00/vhpl13 1365080768
AR ram rtl "C:/Users/Lauszus/Dropbox/Til Kristian/xilinx/vending_machine/ram.vhd" sub00/vhpl17 1363900325
AR vending_machine_cpu behavioral "C:/Users/Lauszus/Documents/GitHub/Basys2/Vending Machine/xilinx/vending_machine/vending_machine_cpu.vhd" sub00/vhpl15 1365080772
AR display decoder C:/02139/lab/src/display7seg_decoder.vhd sub00/vhpl06 1363275015
EN vending_machine NULL "C:/Users/Lauszus/Documents/GitHub/Basys2/Vending Machine/src/vending_machine.vhd" sub00/vhpl04 1365080773
EN segment NULL C:/02139/lab/xilinx/vending_machine/segment.vhd sub00/vhpl08 1363275010
AR segment behavioral C:/02139/lab/xilinx/vending_machine/segment.vhd sub00/vhpl09 1363275011
AR clock_manager structure "C:/Users/Lauszus/Documents/GitHub/Basys2/Vending Machine/src/clock_manager.vhd" sub00/vhpl03 1365080766
EN input_sync NULL "C:/Users/Lauszus/Documents/GitHub/Basys2/Vending Machine/xilinx/vending_machine/input_sync.vhd" sub00/vhpl12 1365080767
EN display7seg_decoder NULL C:/02139/lab/src/display7seg_decoder.vhd sub00/vhpl00 1363267700
EN vending_machine_cpu NULL "C:/Users/Lauszus/Documents/GitHub/Basys2/Vending Machine/xilinx/vending_machine/vending_machine_cpu.vhd" sub00/vhpl14 1365080771
EN clock_manager NULL "C:/Users/Lauszus/Documents/GitHub/Basys2/Vending Machine/src/clock_manager.vhd" sub00/vhpl02 1365080765
EN ram NULL "C:/Users/Lauszus/Dropbox/Til Kristian/xilinx/vending_machine/ram.vhd" sub00/vhpl16 1363900324
AR vending_machine struct "C:/Users/Lauszus/Documents/GitHub/Basys2/Vending Machine/src/vending_machine.vhd" sub00/vhpl07 1365080774
AR display7seg_decoder decoder C:/02139/lab/src/display7seg_decoder.vhd sub00/vhpl01 1363267701
EN display_10base NULL "C:/Users/Lauszus/Documents/GitHub/Basys2/Vending Machine/xilinx/vending_machine/display_10base.vhd" sub00/vhpl10 1365080769
AR display_10base decoder "C:/Users/Lauszus/Documents/GitHub/Basys2/Vending Machine/xilinx/vending_machine/display_10base.vhd" sub00/vhpl11 1365080770
