--------------------------------------------------------------------------------
Release 14.2 Trace  (nt64)
Copyright (c) 1995-2012 Xilinx, Inc.  All rights reserved.

C:\Xilinx\14.2\ISE_DS\ISE\bin\nt64\unwrapped\trce.exe -intstyle ise -v 3 -s 5
-n 3 -fastpaths -xml display.twx display.ncd -o display.twr display.pcf -ucf
Basys2Vending.ucf

Design file:              display.ncd
Physical constraint file: display.pcf
Device,package,speed:     xc3s100e,cp132,-5 (PRODUCTION 1.27 2012-07-09)
Report level:             verbose report

Environment Variable      Effect 
--------------------      ------ 
NONE                      No environment variables were set
--------------------------------------------------------------------------------

INFO:Timing:2698 - No timing constraints found, doing default enumeration.
INFO:Timing:3412 - To improve timing, see the Timing Closure User Guide (UG612).
INFO:Timing:2752 - To get complete path coverage, use the unconstrained paths 
   option. All paths that are not constrained will be reported in the 
   unconstrained paths section(s) of the report.
INFO:Timing:3339 - The clock-to-out numbers in this timing report are based on 
   a 50 Ohm transmission line loading model.  For the details of this model, 
   and for more information on accounting for different loading conditions, 
   please see the device datasheet.
INFO:Timing:3390 - This architecture does not support a default System Jitter 
   value, please add SYSTEM_JITTER constraint to the UCF to modify the Clock 
   Uncertainty calculation.
INFO:Timing:3389 - This architecture does not support 'Discrete Jitter' and 
   'Phase Error' calculations, these terms will be zero in the Clock 
   Uncertainty calculation.  Please make appropriate modification to 
   SYSTEM_JITTER to account for the unsupported Discrete Jitter and Phase 
   Error.



Data Sheet report:
-----------------
All values displayed in nanoseconds (ns)

Pad to Pad
---------------+----------------+---------+
Source Pad     |Destination Pad |  Delay  |
---------------+----------------+---------+
price<0>       |seven_segment<0>|    6.977|
price<0>       |seven_segment<1>|    7.270|
price<0>       |seven_segment<2>|    7.614|
price<0>       |seven_segment<3>|    7.589|
price<0>       |seven_segment<4>|    7.109|
price<0>       |seven_segment<5>|    7.287|
price<0>       |seven_segment<6>|    7.102|
price<1>       |seven_segment<0>|    7.865|
price<1>       |seven_segment<1>|    8.214|
price<1>       |seven_segment<2>|    8.133|
price<1>       |seven_segment<3>|    8.334|
price<1>       |seven_segment<4>|    7.771|
price<1>       |seven_segment<5>|    7.949|
price<1>       |seven_segment<6>|    7.621|
price<2>       |seven_segment<0>|    7.289|
price<2>       |seven_segment<1>|    7.797|
price<2>       |seven_segment<2>|    7.526|
price<2>       |seven_segment<3>|    7.806|
price<2>       |seven_segment<4>|    7.069|
price<2>       |seven_segment<5>|    7.247|
price<2>       |seven_segment<6>|    7.014|
price<3>       |seven_segment<0>|    7.725|
price<3>       |seven_segment<1>|    8.019|
price<3>       |seven_segment<2>|    8.239|
price<3>       |seven_segment<3>|    8.375|
price<3>       |seven_segment<4>|    7.915|
price<3>       |seven_segment<5>|    8.093|
price<3>       |seven_segment<6>|    7.727|
price<4>       |seven_segment<0>|    7.070|
price<4>       |seven_segment<1>|    7.363|
price<4>       |seven_segment<2>|    8.610|
price<4>       |seven_segment<3>|    7.582|
price<4>       |seven_segment<4>|    7.498|
price<4>       |seven_segment<5>|    7.837|
price<4>       |seven_segment<6>|    8.098|
---------------+----------------+---------+


Analysis completed Thu Mar 14 15:46:03 2013 
--------------------------------------------------------------------------------

Trace Settings:
-------------------------
Trace Settings 

Peak Memory Usage: 150 MB



