Release 14.3 - xst P.40xd (nt64)
Copyright (c) 1995-2012 Xilinx, Inc.  All rights reserved.
--> Parameter TMPDIR set to xst/projnav.tmp


Total REAL time to Xst completion: 0.00 secs
Total CPU time to Xst completion: 0.14 secs
 
--> Parameter xsthdpdir set to xst


Total REAL time to Xst completion: 0.00 secs
Total CPU time to Xst completion: 0.14 secs
 
--> Reading design: vending_machine.prj

TABLE OF CONTENTS
  1) Synthesis Options Summary
  2) HDL Compilation
  3) Design Hierarchy Analysis
  4) HDL Analysis
  5) HDL Synthesis
     5.1) HDL Synthesis Report
  6) Advanced HDL Synthesis
     6.1) Advanced HDL Synthesis Report
  7) Low Level Synthesis
  8) Partition Report
  9) Final Report
	9.1) Device utilization summary
	9.2) Partition Resource Summary
	9.3) TIMING REPORT


=========================================================================
*                      Synthesis Options Summary                        *
=========================================================================
---- Source Parameters
Input File Name                    : "vending_machine.prj"
Input Format                       : mixed
Ignore Synthesis Constraint File   : NO

---- Target Parameters
Output File Name                   : "vending_machine"
Output Format                      : NGC
Target Device                      : xc3s100e-5-cp132

---- Source Options
Top Module Name                    : vending_machine
Automatic FSM Extraction           : YES
FSM Encoding Algorithm             : Auto
Safe Implementation                : No
FSM Style                          : LUT
RAM Extraction                     : Yes
RAM Style                          : Auto
ROM Extraction                     : Yes
Mux Style                          : Auto
Decoder Extraction                 : YES
Priority Encoder Extraction        : Yes
Shift Register Extraction          : YES
Logical Shifter Extraction         : YES
XOR Collapsing                     : YES
ROM Style                          : Auto
Mux Extraction                     : Yes
Resource Sharing                   : YES
Asynchronous To Synchronous        : NO
Multiplier Style                   : Auto
Automatic Register Balancing       : No

---- Target Options
Add IO Buffers                     : YES
Global Maximum Fanout              : 100000
Add Generic Clock Buffer(BUFG)     : 24
Register Duplication               : YES
Slice Packing                      : YES
Optimize Instantiated Primitives   : NO
Use Clock Enable                   : Yes
Use Synchronous Set                : Yes
Use Synchronous Reset              : Yes
Pack IO Registers into IOBs        : Auto
Equivalent register Removal        : YES

---- General Options
Optimization Goal                  : Speed
Optimization Effort                : 1
Keep Hierarchy                     : No
Netlist Hierarchy                  : As_Optimized
RTL Output                         : Yes
Global Optimization                : AllClockNets
Read Cores                         : YES
Write Timing Constraints           : NO
Cross Clock Analysis               : NO
Hierarchy Separator                : /
Bus Delimiter                      : <>
Case Specifier                     : Maintain
Slice Utilization Ratio            : 100
BRAM Utilization Ratio             : 100
Verilog 2001                       : YES
Auto BRAM Packing                  : NO
Slice Utilization Ratio Delta      : 5

=========================================================================


=========================================================================
*                          HDL Compilation                              *
=========================================================================
Compiling vhdl file "C:/Users/Lauszus/Documents/GitHub/Basys2/Vending Machine/src/display_text.vhd" in Library work.
Architecture behavioral of Entity display_text is up to date.
Compiling vhdl file "C:/Users/Lauszus/Documents/GitHub/Basys2/Vending Machine/src/display_10base.vhd" in Library work.
Architecture decoder of Entity display_10base is up to date.
Compiling vhdl file "C:/Users/Lauszus/Documents/GitHub/Basys2/Vending Machine/src/clock_manager.vhd" in Library work.
Architecture structure of Entity clock_manager is up to date.
Compiling vhdl file "C:/Users/Lauszus/Documents/GitHub/Basys2/Vending Machine/src/input_sync.vhd" in Library work.
Architecture behavioral of Entity input_sync is up to date.
Compiling vhdl file "C:/Users/Lauszus/Documents/GitHub/Basys2/Vending Machine/src/vending_machine_cpu.vhd" in Library work.
Entity <vending_machine_cpu> compiled.
Entity <vending_machine_cpu> (Architecture <behavioral>) compiled.
Compiling vhdl file "C:/Users/Lauszus/Documents/GitHub/Basys2/Vending Machine/src/display_manager.vhd" in Library work.
Architecture behavioral of Entity display_manager is up to date.
Compiling vhdl file "C:/Users/Lauszus/Documents/GitHub/Basys2/Vending Machine/src/vending_machine.vhd" in Library work.
Architecture struct of Entity vending_machine is up to date.

=========================================================================
*                     Design Hierarchy Analysis                         *
=========================================================================
Analyzing hierarchy for entity <vending_machine> in library <work> (architecture <struct>).

Analyzing hierarchy for entity <clock_manager> in library <work> (architecture <structure>).

Analyzing hierarchy for entity <input_sync> in library <work> (architecture <behavioral>).

Analyzing hierarchy for entity <vending_machine_cpu> in library <work> (architecture <behavioral>).

Analyzing hierarchy for entity <display_manager> in library <work> (architecture <behavioral>).

Analyzing hierarchy for entity <display_text> in library <work> (architecture <behavioral>).

Analyzing hierarchy for entity <display_10base> in library <work> (architecture <decoder>).


=========================================================================
*                            HDL Analysis                               *
=========================================================================
Analyzing Entity <vending_machine> in library <work> (Architecture <struct>).
    Set property "clock_signal = yes" for signal <clk> in unit <clock_manager>.
Entity <vending_machine> analyzed. Unit <vending_machine> generated.

Analyzing Entity <clock_manager> in library <work> (Architecture <structure>).
Entity <clock_manager> analyzed. Unit <clock_manager> generated.

Analyzing Entity <input_sync> in library <work> (Architecture <behavioral>).
Entity <input_sync> analyzed. Unit <input_sync> generated.

Analyzing Entity <vending_machine_cpu> in library <work> (Architecture <behavioral>).
Entity <vending_machine_cpu> analyzed. Unit <vending_machine_cpu> generated.

Analyzing Entity <display_manager> in library <work> (Architecture <behavioral>).
Entity <display_manager> analyzed. Unit <display_manager> generated.

Analyzing Entity <display_text> in library <work> (Architecture <behavioral>).
Entity <display_text> analyzed. Unit <display_text> generated.

Analyzing Entity <display_10base> in library <work> (Architecture <decoder>).
Entity <display_10base> analyzed. Unit <display_10base> generated.


=========================================================================
*                           HDL Synthesis                               *
=========================================================================

Performing bidirectional port resolution...

Synthesizing Unit <clock_manager>.
    Related source file is "C:/Users/Lauszus/Documents/GitHub/Basys2/Vending Machine/src/clock_manager.vhd".
    Found 16-bit up counter for signal <count_present>.
    Summary:
	inferred   1 Counter(s).
Unit <clock_manager> synthesized.


Synthesizing Unit <input_sync>.
    Related source file is "C:/Users/Lauszus/Documents/GitHub/Basys2/Vending Machine/src/input_sync.vhd".
    Found 1-bit register for signal <reset>.
    Found 1-bit register for signal <buy>.
    Found 6-bit register for signal <price>.
    Found 1-bit register for signal <coin2>.
    Found 1-bit register for signal <coin5>.
    Summary:
	inferred  10 D-type flip-flop(s).
Unit <input_sync> synthesized.


Synthesizing Unit <vending_machine_cpu>.
    Related source file is "C:/Users/Lauszus/Documents/GitHub/Basys2/Vending Machine/src/vending_machine_cpu.vhd".
WARNING:Xst:646 - Signal <sum_val_new<7>> is assigned but never used. This unconnected signal will be trimmed during the optimization process.
    Found finite state machine <FSM_0> for signal <current_state>.
    -----------------------------------------------------------------------
    | States             | 7                                              |
    | Transitions        | 16                                             |
    | Inputs             | 5                                              |
    | Outputs            | 6                                              |
    | Clock              | clk                       (rising_edge)        |
    | Reset              | reset                     (positive)           |
    | Reset type         | asynchronous                                   |
    | Reset State        | default_state                                  |
    | Power Up State     | default_state                                  |
    | Encoding           | automatic                                      |
    | Implementation     | LUT                                            |
    -----------------------------------------------------------------------
    Using one-hot encoding for signal <add_mux>.
    Found 7-bit comparator greatequal for signal <current_state$cmp_ge0000> created at line 42.
    Found 7-bit register for signal <sum_val>.
    Found 8-bit addsub for signal <sum_val_new>.
    Found 8-bit adder for signal <sum_val_new$addsub0000> created at line 107.
    Found 8-bit comparator greater for signal <sum_val_new$cmp_gt0000> created at line 107.
    Found 8-bit comparator less for signal <sum_val_new$cmp_lt0000> created at line 104.
    Summary:
	inferred   1 Finite State Machine(s).
	inferred   7 D-type flip-flop(s).
	inferred   2 Adder/Subtractor(s).
	inferred   3 Comparator(s).
Unit <vending_machine_cpu> synthesized.


Synthesizing Unit <display_text>.
    Related source file is "C:/Users/Lauszus/Documents/GitHub/Basys2/Vending Machine/src/display_text.vhd".
    Found finite state machine <FSM_1> for signal <current_state>.
    -----------------------------------------------------------------------
    | States             | 10                                             |
    | Transitions        | 29                                             |
    | Inputs             | 3                                              |
    | Outputs            | 10                                             |
    | Clock              | clk                       (rising_edge)        |
    | Clock enable       | display_enable            (positive)           |
    | Reset              | reset                     (positive)           |
    | Reset type         | asynchronous                                   |
    | Reset State        | state0                                         |
    | Power Up State     | state0                                         |
    | Encoding           | automatic                                      |
    | Implementation     | LUT                                            |
    -----------------------------------------------------------------------
    Found 1-of-4 decoder for signal <digit_select>.
    Found 8-bit 4-to-1 multiplexer for signal <seven_segment>.
    Found 8-bit adder for signal <cnt$addsub0000> created at line 63.
    Found 8-bit register for signal <cnt_reg>.
    Found 2-bit up counter for signal <segment_selector>.
    Summary:
	inferred   1 Finite State Machine(s).
	inferred   1 Counter(s).
	inferred   8 D-type flip-flop(s).
	inferred   1 Adder/Subtractor(s).
	inferred   8 Multiplexer(s).
	inferred   1 Decoder(s).
Unit <display_text> synthesized.


Synthesizing Unit <display_10base>.
    Related source file is "C:/Users/Lauszus/Documents/GitHub/Basys2/Vending Machine/src/display_10base.vhd".
WARNING:Xst:646 - Signal <price_low<5:4>> is assigned but never used. This unconnected signal will be trimmed during the optimization process.
WARNING:Xst:646 - Signal <coin_low<6:4>> is assigned but never used. This unconnected signal will be trimmed during the optimization process.
    Found 16x8-bit ROM for signal <seven_segment>.
    Found 1-of-4 decoder for signal <digit_select>.
    Found 8-bit comparator greatequal for signal <coin_low$cmp_ge0000> created at line 45.
    Found 8-bit comparator greatequal for signal <coin_low$cmp_ge0001> created at line 47.
    Found 8-bit comparator greatequal for signal <coin_low$cmp_ge0002> created at line 50.
    Found 8-bit comparator greatequal for signal <coin_low$cmp_ge0003> created at line 53.
    Found 8-bit comparator greatequal for signal <coin_low$cmp_ge0004> created at line 56.
    Found 8-bit comparator greatequal for signal <coin_low$cmp_ge0005> created at line 59.
    Found 8-bit comparator greatequal for signal <coin_low$cmp_ge0006> created at line 62.
    Found 8-bit comparator greatequal for signal <coin_low$cmp_ge0007> created at line 65.
    Found 8-bit comparator greatequal for signal <coin_low$cmp_ge0008> created at line 68.
    Found 7-bit subtractor for signal <coin_low$share0000> created at line 45.
    Found 4-bit 4-to-1 multiplexer for signal <digit_temp>.
    Found 7-bit comparator greatequal for signal <price_low$cmp_ge0000> created at line 81.
    Found 7-bit comparator greatequal for signal <price_low$cmp_ge0001> created at line 83.
    Found 7-bit comparator greatequal for signal <price_low$cmp_ge0002> created at line 86.
    Found 7-bit comparator greatequal for signal <price_low$cmp_ge0003> created at line 89.
    Found 7-bit comparator greatequal for signal <price_low$cmp_ge0004> created at line 92.
    Found 7-bit comparator greatequal for signal <price_low$cmp_ge0005> created at line 95.
    Found 6-bit subtractor for signal <price_low$share0000> created at line 81.
    Found 2-bit up counter for signal <selector>.
    Summary:
	inferred   1 ROM(s).
	inferred   1 Counter(s).
	inferred   2 Adder/Subtractor(s).
	inferred  15 Comparator(s).
	inferred   4 Multiplexer(s).
	inferred   1 Decoder(s).
Unit <display_10base> synthesized.


Synthesizing Unit <display_manager>.
    Related source file is "C:/Users/Lauszus/Documents/GitHub/Basys2/Vending Machine/src/display_manager.vhd".
Unit <display_manager> synthesized.


Synthesizing Unit <vending_machine>.
    Related source file is "C:/Users/Lauszus/Documents/GitHub/Basys2/Vending Machine/src/vending_machine.vhd".
Unit <vending_machine> synthesized.

INFO:Xst:1767 - HDL ADVISOR - Resource sharing has identified that some arithmetic operations in this design can share the same physical resources for reduced device utilization. For improved clock frequency you may try to disable resource sharing.

=========================================================================
HDL Synthesis Report

Macro Statistics
# ROMs                                                 : 1
 16x8-bit ROM                                          : 1
# Adders/Subtractors                                   : 5
 6-bit subtractor                                      : 1
 7-bit subtractor                                      : 1
 8-bit adder                                           : 2
 8-bit addsub                                          : 1
# Counters                                             : 3
 16-bit up counter                                     : 1
 2-bit up counter                                      : 2
# Registers                                            : 7
 1-bit register                                        : 4
 6-bit register                                        : 1
 7-bit register                                        : 1
 8-bit register                                        : 1
# Comparators                                          : 18
 7-bit comparator greatequal                           : 7
 8-bit comparator greatequal                           : 9
 8-bit comparator greater                              : 1
 8-bit comparator less                                 : 1
# Multiplexers                                         : 2
 4-bit 4-to-1 multiplexer                              : 1
 8-bit 4-to-1 multiplexer                              : 1
# Decoders                                             : 2
 1-of-4 decoder                                        : 2

=========================================================================

=========================================================================
*                       Advanced HDL Synthesis                          *
=========================================================================

Analyzing FSM <FSM_1> for best encoding.
Optimizing FSM <Inst_display_manager/Inst_display_text/current_state/FSM> on signal <current_state[1:10]> with one-hot encoding.
---------------------------
 State       | Encoding
---------------------------
 state0      | 0000000001
 state1      | 0000000100
 state2      | 0000001000
 state3      | 0000010000
 state4      | 0000100000
 state5      | 0001000000
 state6      | 0010000000
 state7      | 0100000000
 state8      | 1000000000
 error_state | 0000000010
---------------------------
Analyzing FSM <FSM_0> for best encoding.
Optimizing FSM <Inst_vending_machine_cpu/current_state/FSM> on signal <current_state[1:3]> with gray encoding.
-----------------------------
 State           | Encoding
-----------------------------
 default_state   | 000
 coin2_state     | 001
 coin5_state     | 011
 wait_coin_state | 111
 wait_buy_state  | 101
 buy_state       | 010
 alarm_state     | 110
-----------------------------

=========================================================================
Advanced HDL Synthesis Report

Macro Statistics
# FSMs                                                 : 2
# ROMs                                                 : 1
 16x8-bit ROM                                          : 1
# Adders/Subtractors                                   : 5
 4-bit subtractor                                      : 2
 8-bit adder                                           : 2
 8-bit addsub                                          : 1
# Counters                                             : 3
 16-bit up counter                                     : 1
 2-bit up counter                                      : 2
# Registers                                            : 25
 Flip-Flops                                            : 25
# Comparators                                          : 18
 7-bit comparator greatequal                           : 7
 8-bit comparator greatequal                           : 9
 8-bit comparator greater                              : 1
 8-bit comparator less                                 : 1
# Multiplexers                                         : 2
 4-bit 4-to-1 multiplexer                              : 1
 8-bit 4-to-1 multiplexer                              : 1
# Decoders                                             : 2
 1-of-4 decoder                                        : 2

=========================================================================

=========================================================================
*                         Low Level Synthesis                           *
=========================================================================

Optimizing unit <vending_machine> ...

Optimizing unit <input_sync> ...

Optimizing unit <vending_machine_cpu> ...

Optimizing unit <display_text> ...

Optimizing unit <display_10base> ...

Optimizing unit <display_manager> ...

Mapping all equations...
Building and optimizing final netlist ...
Found area constraint ratio of 100 (+ 5) on block vending_machine, actual ratio is 17.
FlipFlop Inst_input_sync/price_0 has been replicated 1 time(s)
INFO:Xst:1843 - HDL ADVISOR - FlipFlop Inst_input_sync/price_0 connected to a primary input has been replicated
FlipFlop Inst_vending_machine_cpu/current_state_FSM_FFd1 has been replicated 1 time(s)
FlipFlop Inst_vending_machine_cpu/current_state_FSM_FFd2 has been replicated 1 time(s)
FlipFlop Inst_vending_machine_cpu/current_state_FSM_FFd3 has been replicated 1 time(s)

Final Macro Processing ...

=========================================================================
Final Register Report

Macro Statistics
# Registers                                            : 62
 Flip-Flops                                            : 62

=========================================================================

=========================================================================
*                           Partition Report                            *
=========================================================================

Partition Implementation Status
-------------------------------

  No Partitions were found in this design.

-------------------------------

=========================================================================
*                            Final Report                               *
=========================================================================
Final Results
RTL Top Level Output File Name     : vending_machine.ngr
Top Level Output File Name         : vending_machine
Output Format                      : NGC
Optimization Goal                  : Speed
Keep Hierarchy                     : No

Design Statistics
# IOs                              : 27

Cell Usage :
# BELS                             : 397
#      GND                         : 1
#      INV                         : 4
#      LUT1                        : 16
#      LUT2                        : 36
#      LUT2_D                      : 1
#      LUT3                        : 56
#      LUT3_D                      : 2
#      LUT3_L                      : 6
#      LUT4                        : 165
#      LUT4_L                      : 3
#      MUXCY                       : 35
#      MUXF5                       : 40
#      VCC                         : 1
#      XORCY                       : 31
# FlipFlops/Latches                : 62
#      FD                          : 28
#      FDC                         : 21
#      FDCE                        : 9
#      FDE                         : 2
#      FDPE                        : 1
#      FDR                         : 1
# Clock Buffers                    : 2
#      BUFG                        : 1
#      BUFGP                       : 1
# IO Buffers                       : 26
#      IBUF                        : 12
#      OBUF                        : 14
=========================================================================

Device utilization summary:
---------------------------

Selected Device : 3s100ecp132-5 

 Number of Slices:                      161  out of    960    16%  
 Number of Slice Flip Flops:             62  out of   1920     3%  
 Number of 4 input LUTs:                289  out of   1920    15%  
 Number of IOs:                          27
 Number of bonded IOBs:                  27  out of     83    32%  
 Number of GCLKs:                         2  out of     24     8%  

---------------------------
Partition Resource Summary:
---------------------------

  No Partitions were found in this design.

---------------------------


=========================================================================
TIMING REPORT

NOTE: THESE TIMING NUMBERS ARE ONLY A SYNTHESIS ESTIMATE.
      FOR ACCURATE TIMING INFORMATION PLEASE REFER TO THE TRACE REPORT
      GENERATED AFTER PLACE-and-ROUTE.

Clock Information:
------------------
-----------------------------------+------------------------------+-------+
Clock Signal                       | Clock buffer(FF name)        | Load  |
-----------------------------------+------------------------------+-------+
clk                                | NONE(Inst_input_sync/price_0)| 46    |
clk_50                             | BUFGP                        | 16    |
-----------------------------------+------------------------------+-------+
INFO:Xst:2169 - HDL ADVISOR - Some clock signals were not automatically buffered by XST with BUFG/BUFR resources. Please use the buffer_type constraint in order to insert these buffers to the clock signals to help prevent skew problems.

Asynchronous Control Signals Information:
----------------------------------------
----------------------------------------------+-------------------------------------------------------+-------+
Control Signal                                | Buffer(FF name)                                       | Load  |
----------------------------------------------+-------------------------------------------------------+-------+
Inst_input_sync/reset(Inst_input_sync/reset:Q)| NONE(Inst_display_manager/Inst_display_text/cnt_reg_0)| 31    |
----------------------------------------------+-------------------------------------------------------+-------+

Timing Summary:
---------------
Speed Grade: -5

   Minimum period: 10.062ns (Maximum Frequency: 99.381MHz)
   Minimum input arrival time before clock: 1.754ns
   Maximum output required time after clock: 14.941ns
   Maximum combinational path delay: No path found

Timing Detail:
--------------
All values displayed in nanoseconds (ns)

=========================================================================
Timing constraint: Default period analysis for Clock 'clk_50'
  Clock period: 3.676ns (frequency: 272.072MHz)
  Total number of paths / destination ports: 136 / 16
-------------------------------------------------------------------------
Delay:               3.676ns (Levels of Logic = 16)
  Source:            Inst_clock_manager/count_present_1 (FF)
  Destination:       Inst_clock_manager/count_present_15 (FF)
  Source Clock:      clk_50 rising
  Destination Clock: clk_50 rising

  Data Path: Inst_clock_manager/count_present_1 to Inst_clock_manager/count_present_15
                                Gate     Net
    Cell:in->out      fanout   Delay   Delay  Logical Name (Net Name)
    ----------------------------------------  ------------
     FD:C->Q               1   0.514   0.509  Inst_clock_manager/count_present_1 (Inst_clock_manager/count_present_1)
     LUT1:I0->O            1   0.612   0.000  Inst_clock_manager/Mcount_count_present_cy<1>_rt (Inst_clock_manager/Mcount_count_present_cy<1>_rt)
     MUXCY:S->O            1   0.404   0.000  Inst_clock_manager/Mcount_count_present_cy<1> (Inst_clock_manager/Mcount_count_present_cy<1>)
     MUXCY:CI->O           1   0.051   0.000  Inst_clock_manager/Mcount_count_present_cy<2> (Inst_clock_manager/Mcount_count_present_cy<2>)
     MUXCY:CI->O           1   0.051   0.000  Inst_clock_manager/Mcount_count_present_cy<3> (Inst_clock_manager/Mcount_count_present_cy<3>)
     MUXCY:CI->O           1   0.051   0.000  Inst_clock_manager/Mcount_count_present_cy<4> (Inst_clock_manager/Mcount_count_present_cy<4>)
     MUXCY:CI->O           1   0.051   0.000  Inst_clock_manager/Mcount_count_present_cy<5> (Inst_clock_manager/Mcount_count_present_cy<5>)
     MUXCY:CI->O           1   0.051   0.000  Inst_clock_manager/Mcount_count_present_cy<6> (Inst_clock_manager/Mcount_count_present_cy<6>)
     MUXCY:CI->O           1   0.051   0.000  Inst_clock_manager/Mcount_count_present_cy<7> (Inst_clock_manager/Mcount_count_present_cy<7>)
     MUXCY:CI->O           1   0.051   0.000  Inst_clock_manager/Mcount_count_present_cy<8> (Inst_clock_manager/Mcount_count_present_cy<8>)
     MUXCY:CI->O           1   0.051   0.000  Inst_clock_manager/Mcount_count_present_cy<9> (Inst_clock_manager/Mcount_count_present_cy<9>)
     MUXCY:CI->O           1   0.051   0.000  Inst_clock_manager/Mcount_count_present_cy<10> (Inst_clock_manager/Mcount_count_present_cy<10>)
     MUXCY:CI->O           1   0.051   0.000  Inst_clock_manager/Mcount_count_present_cy<11> (Inst_clock_manager/Mcount_count_present_cy<11>)
     MUXCY:CI->O           1   0.051   0.000  Inst_clock_manager/Mcount_count_present_cy<12> (Inst_clock_manager/Mcount_count_present_cy<12>)
     MUXCY:CI->O           1   0.051   0.000  Inst_clock_manager/Mcount_count_present_cy<13> (Inst_clock_manager/Mcount_count_present_cy<13>)
     MUXCY:CI->O           0   0.051   0.000  Inst_clock_manager/Mcount_count_present_cy<14> (Inst_clock_manager/Mcount_count_present_cy<14>)
     XORCY:CI->O           1   0.699   0.000  Inst_clock_manager/Mcount_count_present_xor<15> (Result<15>)
     FD:D                      0.268          Inst_clock_manager/count_present_15
    ----------------------------------------
    Total                      3.676ns (3.167ns logic, 0.509ns route)
                                       (86.2% logic, 13.8% route)

=========================================================================
Timing constraint: Default period analysis for Clock 'clk'
  Clock period: 10.062ns (frequency: 99.381MHz)
  Total number of paths / destination ports: 19188 / 47
-------------------------------------------------------------------------
Delay:               10.062ns (Levels of Logic = 18)
  Source:            Inst_input_sync/price_1 (FF)
  Destination:       Inst_vending_machine_cpu/sum_val_6 (FF)
  Source Clock:      clk rising
  Destination Clock: clk rising

  Data Path: Inst_input_sync/price_1 to Inst_vending_machine_cpu/sum_val_6
                                Gate     Net
    Cell:in->out      fanout   Delay   Delay  Logical Name (Net Name)
    ----------------------------------------  ------------
     FD:C->Q              15   0.514   0.867  Inst_input_sync/price_1 (Inst_input_sync/price_1)
     LUT4:I3->O            1   0.612   0.426  Inst_vending_machine_cpu/add_val<1>1 (Inst_vending_machine_cpu/add_val<1>)
     LUT2:I1->O            1   0.612   0.000  Inst_vending_machine_cpu/Madd_sum_val_new_addsub0000_lut<1> (Inst_vending_machine_cpu/Madd_sum_val_new_addsub0000_lut<1>)
     MUXCY:S->O            1   0.404   0.000  Inst_vending_machine_cpu/Madd_sum_val_new_addsub0000_cy<1> (Inst_vending_machine_cpu/Madd_sum_val_new_addsub0000_cy<1>)
     MUXCY:CI->O           1   0.051   0.000  Inst_vending_machine_cpu/Madd_sum_val_new_addsub0000_cy<2> (Inst_vending_machine_cpu/Madd_sum_val_new_addsub0000_cy<2>)
     MUXCY:CI->O           1   0.051   0.000  Inst_vending_machine_cpu/Madd_sum_val_new_addsub0000_cy<3> (Inst_vending_machine_cpu/Madd_sum_val_new_addsub0000_cy<3>)
     MUXCY:CI->O           1   0.051   0.000  Inst_vending_machine_cpu/Madd_sum_val_new_addsub0000_cy<4> (Inst_vending_machine_cpu/Madd_sum_val_new_addsub0000_cy<4>)
     XORCY:CI->O          12   0.699   0.820  Inst_vending_machine_cpu/Madd_sum_val_new_addsub0000_xor<5> (Inst_vending_machine_cpu/sum_val_new_addsub0000<5>)
     LUT4:I3->O            1   0.612   0.387  Inst_vending_machine_cpu/sum_val_new_cmp_gt00001_SW3_G (N153)
     LUT3_L:I2->LO         1   0.612   0.103  Inst_vending_machine_cpu/sum_val_new_cmp_gt00001_SW31 (N127)
     LUT4:I3->O            1   0.612   0.387  Inst_vending_machine_cpu/sum_val_new_mux0001<0>1 (Inst_vending_machine_cpu/sum_val_new_mux0001<0>)
     LUT3:I2->O            1   0.612   0.000  Inst_vending_machine_cpu/Maddsub_sum_val_new_lut<0> (Inst_vending_machine_cpu/Maddsub_sum_val_new_lut<0>)
     MUXCY:S->O            1   0.404   0.000  Inst_vending_machine_cpu/Maddsub_sum_val_new_cy<0> (Inst_vending_machine_cpu/Maddsub_sum_val_new_cy<0>)
     MUXCY:CI->O           1   0.051   0.000  Inst_vending_machine_cpu/Maddsub_sum_val_new_cy<1> (Inst_vending_machine_cpu/Maddsub_sum_val_new_cy<1>)
     MUXCY:CI->O           1   0.051   0.000  Inst_vending_machine_cpu/Maddsub_sum_val_new_cy<2> (Inst_vending_machine_cpu/Maddsub_sum_val_new_cy<2>)
     MUXCY:CI->O           1   0.051   0.000  Inst_vending_machine_cpu/Maddsub_sum_val_new_cy<3> (Inst_vending_machine_cpu/Maddsub_sum_val_new_cy<3>)
     MUXCY:CI->O           1   0.051   0.000  Inst_vending_machine_cpu/Maddsub_sum_val_new_cy<4> (Inst_vending_machine_cpu/Maddsub_sum_val_new_cy<4>)
     MUXCY:CI->O           0   0.051   0.000  Inst_vending_machine_cpu/Maddsub_sum_val_new_cy<5> (Inst_vending_machine_cpu/Maddsub_sum_val_new_cy<5>)
     XORCY:CI->O           1   0.699   0.000  Inst_vending_machine_cpu/Maddsub_sum_val_new_xor<6> (Inst_vending_machine_cpu/sum_val_new<6>)
     FDC:D                     0.268          Inst_vending_machine_cpu/sum_val_6
    ----------------------------------------
    Total                     10.062ns (7.072ns logic, 2.990ns route)
                                       (70.3% logic, 29.7% route)

=========================================================================
Timing constraint: Default OFFSET IN BEFORE for Clock 'clk'
  Total number of paths / destination ports: 11 / 11
-------------------------------------------------------------------------
Offset:              1.754ns (Levels of Logic = 1)
  Source:            price<0> (PAD)
  Destination:       Inst_input_sync/price_0 (FF)
  Destination Clock: clk rising

  Data Path: price<0> to Inst_input_sync/price_0
                                Gate     Net
    Cell:in->out      fanout   Delay   Delay  Logical Name (Net Name)
    ----------------------------------------  ------------
     IBUF:I->O             2   1.106   0.380  price_0_IBUF (price_0_IBUF)
     FD:D                      0.268          Inst_input_sync/price_0
    ----------------------------------------
    Total                      1.754ns (1.374ns logic, 0.380ns route)
                                       (78.3% logic, 21.7% route)

=========================================================================
Timing constraint: Default OFFSET OUT AFTER for Clock 'clk'
  Total number of paths / destination ports: 6322 / 13
-------------------------------------------------------------------------
Offset:              14.941ns (Levels of Logic = 12)
  Source:            Inst_input_sync/price_4 (FF)
  Destination:       seven_segment<2> (PAD)
  Source Clock:      clk rising

  Data Path: Inst_input_sync/price_4 to seven_segment<2>
                                Gate     Net
    Cell:in->out      fanout   Delay   Delay  Logical Name (Net Name)
    ----------------------------------------  ------------
     FD:C->Q              13   0.514   0.988  Inst_input_sync/price_4 (Inst_input_sync/price_4)
     LUT4:I0->O            1   0.612   0.000  Inst_display_manager/Inst_display_10base/price_low_cmp_ge000311 (Inst_display_manager/Inst_display_10base/price_low_cmp_ge00031)
     MUXF5:I0->O           2   0.278   0.410  Inst_display_manager/Inst_display_10base/price_low_cmp_ge00031_f5 (Inst_display_manager/Inst_display_10base/price_low_cmp_ge0003)
     LUT3:I2->O            2   0.612   0.449  Inst_display_manager/Inst_display_10base/Msub_price_low_share0000_Madd_lut<1>_SW0 (N93)
     LUT4:I1->O            2   0.612   0.410  Inst_display_manager/Inst_display_10base/Msub_price_low_share0000_Madd_cy<1>11 (Inst_display_manager/Inst_display_10base/Msub_price_low_share0000_Madd_cy<1>)
     LUT4:I2->O            1   0.612   0.509  Inst_display_manager/Inst_display_10base/Mmux_digit_temp287_SW0 (N208)
     LUT4:I0->O            2   0.612   0.532  Inst_display_manager/Inst_display_10base/Mmux_digit_temp287 (Inst_display_manager/Inst_display_10base/Mmux_digit_temp287)
     LUT4:I0->O            1   0.612   0.360  Inst_display_manager/Inst_display_10base/Mmux_digit_temp2137_SW0 (N188)
     LUT4:I3->O            1   0.612   0.426  Inst_display_manager/Inst_display_10base/Mmux_digit_temp2137 (Inst_display_manager/Inst_display_10base/Mmux_digit_temp2137)
     LUT4:I1->O            7   0.612   0.754  Inst_display_manager/Inst_display_10base/Mmux_digit_temp2183 (Inst_display_manager/Inst_display_10base/digit_temp<3>)
     LUT4:I0->O            1   0.612   0.000  Inst_display_manager/seven_segment_temp<2>311 (Inst_display_manager/seven_segment_temp<2>31)
     MUXF5:I0->O           1   0.278   0.357  Inst_display_manager/seven_segment_temp<2>31_f5 (seven_segment_2_OBUF)
     OBUF:I->O                 3.169          seven_segment_2_OBUF (seven_segment<2>)
    ----------------------------------------
    Total                     14.941ns (9.747ns logic, 5.194ns route)
                                       (65.2% logic, 34.8% route)

=========================================================================


Total REAL time to Xst completion: 11.00 secs
Total CPU time to Xst completion: 11.11 secs
 
--> 

Total memory usage is 260236 kilobytes

Number of errors   :    0 (   0 filtered)
Number of warnings :    3 (   0 filtered)
Number of infos    :    3 (   0 filtered)

