--------------------------------------------------------------------------------
Release 14.3 Trace  (nt64)
Copyright (c) 1995-2012 Xilinx, Inc.  All rights reserved.

C:\Xilinx\14.3\ISE_DS\ISE\bin\nt64\unwrapped\trce.exe -intstyle ise -v 3 -s 5
-n 3 -fastpaths -xml vending_machine.twx vending_machine.ncd -o
vending_machine.twr vending_machine.pcf

Design file:              vending_machine.ncd
Physical constraint file: vending_machine.pcf
Device,package,speed:     xc3s100e,cp132,-5 (PRODUCTION 1.27 2012-10-12)
Report level:             verbose report

Environment Variable      Effect 
--------------------      ------ 
NONE                      No environment variables were set
--------------------------------------------------------------------------------

INFO:Timing:2698 - No timing constraints found, doing default enumeration.
INFO:Timing:3412 - To improve timing, see the Timing Closure User Guide (UG612).
INFO:Timing:2752 - To get complete path coverage, use the unconstrained paths 
   option. All paths that are not constrained will be reported in the 
   unconstrained paths section(s) of the report.
INFO:Timing:3339 - The clock-to-out numbers in this timing report are based on 
   a 50 Ohm transmission line loading model.  For the details of this model, 
   and for more information on accounting for different loading conditions, 
   please see the device datasheet.
INFO:Timing:3390 - This architecture does not support a default System Jitter 
   value, please add SYSTEM_JITTER constraint to the UCF to modify the Clock 
   Uncertainty calculation.
INFO:Timing:3389 - This architecture does not support 'Discrete Jitter' and 
   'Phase Error' calculations, these terms will be zero in the Clock 
   Uncertainty calculation.  Please make appropriate modification to 
   SYSTEM_JITTER to account for the unsupported Discrete Jitter and Phase 
   Error.



Data Sheet report:
-----------------
All values displayed in nanoseconds (ns)

Setup/Hold to clock clk_man
------------+------------+------------+------------------+--------+
            |Max Setup to|Max Hold to |                  | Clock  |
Source      | clk (edge) | clk (edge) |Internal Clock(s) | Phase  |
------------+------------+------------+------------------+--------+
buy         |   -1.748(R)|    3.223(R)|clk               |   0.000|
coin2       |   -1.182(R)|    2.767(R)|clk               |   0.000|
coin5       |   -0.905(R)|    2.546(R)|clk               |   0.000|
price<0>    |    0.108(R)|    1.955(R)|clk               |   0.000|
price<1>    |   -0.879(R)|    2.525(R)|clk               |   0.000|
price<2>    |   -0.754(R)|    2.426(R)|clk               |   0.000|
price<3>    |   -0.887(R)|    2.532(R)|clk               |   0.000|
price<4>    |   -1.271(R)|    2.839(R)|clk               |   0.000|
price<5>    |   -1.046(R)|    2.659(R)|clk               |   0.000|
reset       |   -1.088(R)|    2.688(R)|clk               |   0.000|
------------+------------+------------+------------------+--------+

Setup/Hold to clock sel_man
------------+------------+------------+------------------+--------+
            |Max Setup to|Max Hold to |                  | Clock  |
Source      | clk (edge) | clk (edge) |Internal Clock(s) | Phase  |
------------+------------+------------+------------------+--------+
buy         |   -2.341(R)|    3.964(R)|clk               |   0.000|
coin2       |   -1.775(R)|    3.508(R)|clk               |   0.000|
coin5       |   -1.498(R)|    3.287(R)|clk               |   0.000|
price<0>    |   -0.485(R)|    2.696(R)|clk               |   0.000|
price<1>    |   -1.472(R)|    3.266(R)|clk               |   0.000|
price<2>    |   -1.347(R)|    3.167(R)|clk               |   0.000|
price<3>    |   -1.480(R)|    3.273(R)|clk               |   0.000|
price<4>    |   -1.864(R)|    3.580(R)|clk               |   0.000|
price<5>    |   -1.639(R)|    3.400(R)|clk               |   0.000|
reset       |   -1.681(R)|    3.429(R)|clk               |   0.000|
------------+------------+------------+------------------+--------+

Clock clk_man to Pad
----------------+------------+------------------+--------+
                | clk (edge) |                  | Clock  |
Destination     |   to PAD   |Internal Clock(s) | Phase  |
----------------+------------+------------------+--------+
alarm           |   11.601(R)|clk               |   0.000|
digit_select<0> |   12.335(R)|clk               |   0.000|
digit_select<1> |   12.798(R)|clk               |   0.000|
digit_select<2> |   13.552(R)|clk               |   0.000|
digit_select<3> |   12.901(R)|clk               |   0.000|
release_can     |   11.086(R)|clk               |   0.000|
seven_segment<0>|   21.858(R)|clk               |   0.000|
seven_segment<1>|   21.557(R)|clk               |   0.000|
seven_segment<2>|   21.368(R)|clk               |   0.000|
seven_segment<3>|   20.898(R)|clk               |   0.000|
seven_segment<4>|   20.803(R)|clk               |   0.000|
seven_segment<5>|   21.160(R)|clk               |   0.000|
seven_segment<6>|   21.204(R)|clk               |   0.000|
----------------+------------+------------------+--------+

Clock sel_man to Pad
----------------+------------+------------------+--------+
                | clk (edge) |                  | Clock  |
Destination     |   to PAD   |Internal Clock(s) | Phase  |
----------------+------------+------------------+--------+
alarm           |   12.342(R)|clk               |   0.000|
digit_select<0> |   13.076(R)|clk               |   0.000|
digit_select<1> |   13.539(R)|clk               |   0.000|
digit_select<2> |   14.293(R)|clk               |   0.000|
digit_select<3> |   13.642(R)|clk               |   0.000|
release_can     |   11.827(R)|clk               |   0.000|
seven_segment<0>|   22.599(R)|clk               |   0.000|
seven_segment<1>|   22.298(R)|clk               |   0.000|
seven_segment<2>|   22.109(R)|clk               |   0.000|
seven_segment<3>|   21.639(R)|clk               |   0.000|
seven_segment<4>|   21.544(R)|clk               |   0.000|
seven_segment<5>|   21.901(R)|clk               |   0.000|
seven_segment<6>|   21.945(R)|clk               |   0.000|
----------------+------------+------------------+--------+

Clock to Setup on destination clock clk_50
---------------+---------+---------+---------+---------+
               | Src:Rise| Src:Fall| Src:Rise| Src:Fall|
Source Clock   |Dest:Rise|Dest:Rise|Dest:Fall|Dest:Fall|
---------------+---------+---------+---------+---------+
clk_50         |    3.332|         |         |         |
---------------+---------+---------+---------+---------+

Clock to Setup on destination clock clk_man
---------------+---------+---------+---------+---------+
               | Src:Rise| Src:Fall| Src:Rise| Src:Fall|
Source Clock   |Dest:Rise|Dest:Rise|Dest:Fall|Dest:Fall|
---------------+---------+---------+---------+---------+
clk_man        |    4.597|         |         |         |
sel_man        |    4.597|         |         |         |
---------------+---------+---------+---------+---------+

Clock to Setup on destination clock sel_man
---------------+---------+---------+---------+---------+
               | Src:Rise| Src:Fall| Src:Rise| Src:Fall|
Source Clock   |Dest:Rise|Dest:Rise|Dest:Fall|Dest:Fall|
---------------+---------+---------+---------+---------+
clk_man        |    4.597|         |         |         |
sel_man        |    4.597|         |         |         |
---------------+---------+---------+---------+---------+


Analysis completed Thu Apr 18 17:15:41 2013 
--------------------------------------------------------------------------------

Trace Settings:
-------------------------
Trace Settings 

Peak Memory Usage: 151 MB



