--------------------------------------------------------------------------------
Release 14.3 Trace  (nt64)
Copyright (c) 1995-2012 Xilinx, Inc.  All rights reserved.

C:\Xilinx\14.3\ISE_DS\ISE\bin\nt64\unwrapped\trce.exe -intstyle ise -v 3 -s 5
-n 3 -fastpaths -xml vending_machine.twx vending_machine.ncd -o
vending_machine.twr vending_machine.pcf

Design file:              vending_machine.ncd
Physical constraint file: vending_machine.pcf
Device,package,speed:     xc3s100e,cp132,-5 (PRODUCTION 1.27 2012-10-12)
Report level:             verbose report

Environment Variable      Effect 
--------------------      ------ 
NONE                      No environment variables were set
--------------------------------------------------------------------------------

INFO:Timing:2698 - No timing constraints found, doing default enumeration.
INFO:Timing:3412 - To improve timing, see the Timing Closure User Guide (UG612).
INFO:Timing:2752 - To get complete path coverage, use the unconstrained paths 
   option. All paths that are not constrained will be reported in the 
   unconstrained paths section(s) of the report.
INFO:Timing:3339 - The clock-to-out numbers in this timing report are based on 
   a 50 Ohm transmission line loading model.  For the details of this model, 
   and for more information on accounting for different loading conditions, 
   please see the device datasheet.
INFO:Timing:3390 - This architecture does not support a default System Jitter 
   value, please add SYSTEM_JITTER constraint to the UCF to modify the Clock 
   Uncertainty calculation.
INFO:Timing:3389 - This architecture does not support 'Discrete Jitter' and 
   'Phase Error' calculations, these terms will be zero in the Clock 
   Uncertainty calculation.  Please make appropriate modification to 
   SYSTEM_JITTER to account for the unsupported Discrete Jitter and Phase 
   Error.



Data Sheet report:
-----------------
All values displayed in nanoseconds (ns)

Setup/Hold to clock clk_man
------------+------------+------------+------------------+--------+
            |Max Setup to|Max Hold to |                  | Clock  |
Source      | clk (edge) | clk (edge) |Internal Clock(s) | Phase  |
------------+------------+------------+------------------+--------+
buy         |   -2.193(R)|    3.698(R)|clk               |   0.000|
coin2       |   -1.322(R)|    2.997(R)|clk               |   0.000|
coin5       |   -1.464(R)|    3.112(R)|clk               |   0.000|
price<0>    |   -0.429(R)|    2.664(R)|clk               |   0.000|
price<1>    |   -0.548(R)|    2.379(R)|clk               |   0.000|
price<2>    |   -1.518(R)|    3.153(R)|clk               |   0.000|
price<3>    |   -0.925(R)|    2.679(R)|clk               |   0.000|
price<4>    |   -1.326(R)|    3.002(R)|clk               |   0.000|
price<5>    |   -1.346(R)|    3.017(R)|clk               |   0.000|
reset       |   -2.203(R)|    3.697(R)|clk               |   0.000|
------------+------------+------------+------------------+--------+

Setup/Hold to clock sel_man
------------+------------+------------+------------------+--------+
            |Max Setup to|Max Hold to |                  | Clock  |
Source      | clk (edge) | clk (edge) |Internal Clock(s) | Phase  |
------------+------------+------------+------------------+--------+
buy         |   -2.684(R)|    4.313(R)|clk               |   0.000|
coin2       |   -1.813(R)|    3.612(R)|clk               |   0.000|
coin5       |   -1.955(R)|    3.727(R)|clk               |   0.000|
price<0>    |   -0.920(R)|    3.279(R)|clk               |   0.000|
price<1>    |   -1.039(R)|    2.994(R)|clk               |   0.000|
price<2>    |   -2.009(R)|    3.768(R)|clk               |   0.000|
price<3>    |   -1.416(R)|    3.294(R)|clk               |   0.000|
price<4>    |   -1.817(R)|    3.617(R)|clk               |   0.000|
price<5>    |   -1.837(R)|    3.632(R)|clk               |   0.000|
reset       |   -2.694(R)|    4.312(R)|clk               |   0.000|
------------+------------+------------+------------------+--------+

Clock clk_man to Pad
----------------+------------+------------------+--------+
                | clk (edge) |                  | Clock  |
Destination     |   to PAD   |Internal Clock(s) | Phase  |
----------------+------------+------------------+--------+
alarm           |   11.383(R)|clk               |   0.000|
digit_select<0> |   12.947(R)|clk               |   0.000|
digit_select<1> |   12.574(R)|clk               |   0.000|
digit_select<2> |   12.869(R)|clk               |   0.000|
digit_select<3> |   12.599(R)|clk               |   0.000|
release_can     |   11.136(R)|clk               |   0.000|
seven_segment<0>|   21.855(R)|clk               |   0.000|
seven_segment<1>|   21.093(R)|clk               |   0.000|
seven_segment<2>|   21.952(R)|clk               |   0.000|
seven_segment<3>|   21.563(R)|clk               |   0.000|
seven_segment<4>|   21.786(R)|clk               |   0.000|
seven_segment<5>|   21.161(R)|clk               |   0.000|
seven_segment<6>|   21.450(R)|clk               |   0.000|
----------------+------------+------------------+--------+

Clock sel_man to Pad
----------------+------------+------------------+--------+
                | clk (edge) |                  | Clock  |
Destination     |   to PAD   |Internal Clock(s) | Phase  |
----------------+------------+------------------+--------+
alarm           |   11.998(R)|clk               |   0.000|
digit_select<0> |   13.562(R)|clk               |   0.000|
digit_select<1> |   13.189(R)|clk               |   0.000|
digit_select<2> |   13.484(R)|clk               |   0.000|
digit_select<3> |   13.214(R)|clk               |   0.000|
release_can     |   11.751(R)|clk               |   0.000|
seven_segment<0>|   22.470(R)|clk               |   0.000|
seven_segment<1>|   21.708(R)|clk               |   0.000|
seven_segment<2>|   22.567(R)|clk               |   0.000|
seven_segment<3>|   22.178(R)|clk               |   0.000|
seven_segment<4>|   22.401(R)|clk               |   0.000|
seven_segment<5>|   21.776(R)|clk               |   0.000|
seven_segment<6>|   22.065(R)|clk               |   0.000|
----------------+------------+------------------+--------+

Clock to Setup on destination clock clk_50
---------------+---------+---------+---------+---------+
               | Src:Rise| Src:Fall| Src:Rise| Src:Fall|
Source Clock   |Dest:Rise|Dest:Rise|Dest:Fall|Dest:Fall|
---------------+---------+---------+---------+---------+
clk_50         |    3.332|         |         |         |
---------------+---------+---------+---------+---------+

Clock to Setup on destination clock clk_man
---------------+---------+---------+---------+---------+
               | Src:Rise| Src:Fall| Src:Rise| Src:Fall|
Source Clock   |Dest:Rise|Dest:Rise|Dest:Fall|Dest:Fall|
---------------+---------+---------+---------+---------+
clk_man        |    5.484|         |         |         |
sel_man        |    5.484|         |         |         |
---------------+---------+---------+---------+---------+

Clock to Setup on destination clock sel_man
---------------+---------+---------+---------+---------+
               | Src:Rise| Src:Fall| Src:Rise| Src:Fall|
Source Clock   |Dest:Rise|Dest:Rise|Dest:Fall|Dest:Fall|
---------------+---------+---------+---------+---------+
clk_man        |    5.484|         |         |         |
sel_man        |    5.484|         |         |         |
---------------+---------+---------+---------+---------+


Analysis completed Thu Apr 18 17:37:09 2013 
--------------------------------------------------------------------------------

Trace Settings:
-------------------------
Trace Settings 

Peak Memory Usage: 151 MB



